[i2comsapp.org/index.html]
[backblue.gif]
[fade.gif]
[index.html]
[i2comsapp.org/icon-un-fst.ico]
[i2comsapp.org/Maurit_I2ComsApp24.css]
[i2comsapp.org/index.css]
[i2comsapp.org/skrollr.min.js]
[i2comsapp.org/wb.conveyerbelt.min.js]
[i2comsapp.org/wwb17.min.js]
[i2comsapp.org/images/cyborg.png]
[i2comsapp.org/owl.carousel.min.js]
[i2comsapp.org/I2COMSAPP-Program.pdf]
[i2comsapp.org/jquery-1.12.4.min.js]
[i2comsapp.org/images/icon-pdf-prog.png]
[i2comsapp.org/images/i2comsapp-flyer-ico.jpg]
[i2comsapp.org/I2comsapp2024_Call4Papers.pdf]
[i2comsapp.org/images/pdf-icon.png]
[i2comsapp.org/jquery-ui.min.js]
[i2comsapp.org/Microsoft+Word+Proceedings+Templates.zip]
[i2comsapp.org/images/zip-file-format.png]
[i2comsapp.org/images/S-I 15179.png]
[i2comsapp.org/images/arsco-sharp.png]
[i2comsapp.org/images/1002.png]
[i2comsapp.org/images/0103.png]
[i2comsapp.org/images/1304.png]
[i2comsapp.org/images/Mohamed-Jemni.jpg]
[i2comsapp.org/images/Farid-Meziane.jpg]
[i2comsapp.org/images/Anis-Koubaa.jpg]
[i2comsapp.org/images/Mohamed-Deriche.jpg]
[i2comsapp.org/images/Muhammad-Abdul-Mageed.jpg]
[i2comsapp.org/images/AI-Future.jpg]
[i2comsapp.org/images/AI-Ethics.jpg]
[i2comsapp.org/I2Comsapp_Sponsorship_Proposal.pdf]
[i2comsapp.org/images/sunset-hotel.jpg]
[i2comsapp.org/images/nouakchott-hotel.jpg]
[i2comsapp.org/images/fasq-hotel.jpg]
[i2comsapp.org/images/logo-derby-univ.jpg]
[i2comsapp.org/images/logo-lari.jpg]
[i2comsapp.org/images/logo-pr-sultan.jpg]
[i2comsapp.org/images/logo-ensias.jpg]
[i2comsapp.org/images/logo-alecso.png]
[i2comsapp.org/images/logo-arsco.jpg]
[i2comsapp.org/images/Maurit-MESRS.png]
[i2comsapp.org/images/Maurit-MTN2.jpg]
[i2comsapp.org/images/Maurit-RN.png]
[i2comsapp.org/images/Logo-Next-Tech.jpg]
[i2comsapp.org/images/Logo FST-UNA.jpg]
[i2comsapp.org/images/img0001.png]
[i2comsapp.org/index.html]
[i2comsapp.org/Maurit_I2ComsApp24.css]
[i2comsapp.org/images/Maurit AI2024 Header.jpg]
[i2comsapp.org/index.css]
[i2comsapp.org/I2ComsApp2024-Flyer.pdf]
[i2comsapp.org/www.latice.rnu.tn/english/memb_jemni.html]
[i2comsapp.org/owl.video.play.html]
[i2comsapp.org/I2comsapp2024_Call4Papers.pdf]
[i2comsapp.org/Microsoft+Word+Proceedings+Templates.zip]
